// Jest Snapshot v1, https://goo.gl/fbAQLP

exports[`renders Fetch default correctly 1`] = `
<article
  className="container"
>
  <div
    className="wrapper"
  >
    <h3
      className="title"
    >
      Rendering Chart
    </h3>
    <div>
      <div
        className="fetch"
      >
        <span
          className="SVGInline SVGInline--cleaned"
          dangerouslySetInnerHTML={
            Object {
              "__html": "test-file-stub",
            }
          }
        />
        <div
          className="fetchTitle"
        >
          Rendering Chart...
        </div>
      </div>
    </div>
  </div>
</article>
`;
